#-----------------------------------------------------------
# Vivado v2022.2 (64-bit)
# SW Build 3671981 on Fri Oct 14 05:00:03 MDT 2022
# IP Build 3669848 on Fri Oct 14 08:30:02 MDT 2022
# Start of session at: Fri Dec  8 15:40:22 2023
# Process ID: 21904
# Current directory: C:/vivado-risc-v/workspace/rocket64b1/vivado-nexys-a7-100t-riscv/nexys-a7-100t-riscv.runs/riscv_ethernet_stream_0_0_synth_1
# Command line: vivado.exe -log riscv_ethernet_stream_0_0.vds -product Vivado -mode batch -messageDb vivado.pb -notrace -source riscv_ethernet_stream_0_0.tcl
# Log file: C:/vivado-risc-v/workspace/rocket64b1/vivado-nexys-a7-100t-riscv/nexys-a7-100t-riscv.runs/riscv_ethernet_stream_0_0_synth_1/riscv_ethernet_stream_0_0.vds
# Journal file: C:/vivado-risc-v/workspace/rocket64b1/vivado-nexys-a7-100t-riscv/nexys-a7-100t-riscv.runs/riscv_ethernet_stream_0_0_synth_1\vivado.jou
# Running On: CN010, OS: Windows, CPU Frequency: 2370 MHz, CPU Physical cores: 6, Host memory: 7916 MB
#-----------------------------------------------------------
source riscv_ethernet_stream_0_0.tcl -notrace
